../Drivers/CMSIS/Include/core_cm4.h:2064:26:ITM_SendChar	16	static,ignoring_inline_asm
../Core/Src/main.c:119:5:_write	32	static
../Core/Src/main.c:128:10:SPI_TX_FUNC	16	static
../Core/Src/main.c:146:10:SPI_RX_FUNC	16	static
../Core/Src/main.c:161:6:LIS302SDL_write	16	static
../Core/Src/main.c:172:6:LIS302SDL_read_axis	8	static
../Core/Src/main.c:179:9:Calibration	16	static
../Core/Src/main.c:196:6:mdelay	24	static
../Core/Src/main.c:207:5:main	8	static
../Core/Src/main.c:313:13:MX_I2C1_Init	8	static
../Core/Src/main.c:356:13:MX_SPI1_Init	4	static
../Core/Src/main.c:398:13:MX_GPIO_Init	4	static
../Core/Src/main.c:451:6:Error_Handler	4	static,ignoring_inline_asm
